// Jest Snapshot v1, https://goo.gl/fbAQLP

exports[`<LogoutPage  /> should match snapshot 1`] = ` `;
