// Jest Snapshot v1, https://goo.gl/fbAQLP

exports[`<LoginPage  /> should match snapshot 1`] = `
<div
  class="container-fluid"
>
  <div
    class="row min-vh-100"
  >
    <div
      class="col-md-3 col-lg-2 d-none pt-4 d-md-block sidebar p-0 nav"
      style="background-color: white;"
    >
      <a
        class="nav-link mt-2 text-center"
        href="/"
      >
        <img
          alt="LibMS logo"
          class="img-fluid"
          src="LibMS-logo.png"
        />
      </a>
      <div
        class="sidebar-sticky mx-xl-3 mx-lg-auto"
      >
        <div
          class="d-flex flex-column align-self-stretch mt-2 nav"
        >
          <div
            class="nav-item"
          >
            <a
              class="nav-link"
              href="/dashboard"
              style="font-size: 1.3em;"
            >
              <i
                class="bi bi-house-door mr-2"
              />
              Dashboard
            </a>
          </div>
          <div
            class="nav-item"
          >
            <a
              class="nav-link"
              href="/dashboard/books"
              style="font-size: 1.3em;"
            >
              <i
                class="bi bi-journal-bookmark-fill mr-2"
              />
              Library
            </a>
          </div>
          <div
            class="nav-item"
          >
            <a
              class="nav-link"
              href="/dashboard/reservations"
              style="font-size: 1.3em;"
            >
              <i
                class="bi bi-clipboard-check mr-2"
              />
              Reservations
            </a>
          </div>
          <div
            class="nav-item"
          >
            <a
              class="nav-link"
              href="/dashboard"
              style="font-size: 1.3em;"
            >
              <i
                class="bi bi-tags mr-2"
              />
              Categories
            </a>
          </div>
        </div>
      </div>
    </div>
    <main
      class="col-md-9 col-lg-10 md-sm-auto"
      role="main"
    >
      <div
        class="d-flex justify-content-between mb-3"
      >
        <div
          class="form-group"
        >
          <input
            class="form-control"
            placeholder="Search books, categories"
            type="text"
          />
        </div>
        <div
          class="d-flex flex-row-reverse"
        >
          <div
            class="dropdown"
          >
            <button
              aria-expanded="false"
              aria-haspopup="true"
              class="dropdown-toggle btn btn-disabled"
              id="dropdown-profile"
              type="button"
            >
              Bechir Jamoussi
            </button>
          </div>
          <div
            class="dropdown"
          >
            <button
              aria-expanded="false"
              aria-haspopup="true"
              class="dropdown-toggle btn btn-disabled"
              id="dropdown-notification"
              type="button"
            >
              <i
                class="bi bi-bell-fill"
              />
              <span
                class="badge badge-danger"
              >
                1
              </span>
            </button>
          </div>
        </div>
      </div>
      <div />
    </main>
  </div>
</div>
`;
