// Jest Snapshot v1, https://goo.gl/fbAQLP

exports[`<AddBookPage  /> should match snapshot 1`] = `
.c1 {
  background-color: #007ea4;
}

.c0 {
  background-color: #203549;
}

<div
  class=""
>
  <nav
    class="c0 navbar navbar-expand navbar-light"
  >
    <div
      class="container"
    >
      <a
        href="/"
      >
        <img
          alt=""
          height="122"
          src="SMU-LOGO.png"
          width="263"
        />
      </a>
    </div>
  </nav>
  <nav
    class="c1 navbar navbar-expand-md navbar-dark navbar navbar-expand-lg navbar-light"
  >
    <button
      aria-controls="responsive-navbar-nav"
      aria-label="Toggle navigation"
      class="navbar-toggler collapsed"
      type="button"
    >
      <span
        class="navbar-toggler-icon"
      />
    </button>
    <div
      class="navbar-collapse collapse"
      id="responsive-navbar-nav"
    >
      <div
        class="justify-content-center justify-content-md-between container"
      >
        <div
          class="font-weight-light mr-0 text-white"
        >
          Book Adding Form
        </div>
      </div>
    </div>
  </nav>
</div>
`;
