// Jest Snapshot v1, https://goo.gl/fbAQLP

exports[`<BooksPage  /> should match snapshot 1`] = `
<div
  class="d-flex justify-content-between flex-wrap flex-md-nowrap align-items-center pb-2 mb-3 border-bottom"
>
  <h1
    class="h2"
  >
    Library
  </h1>
</div>
`;
