// Jest Snapshot v1, https://goo.gl/fbAQLP

exports[`<UserProfilePage  /> should match snapshot 1`] = `
.c2 {
  background-color: #203549;
}

.c1 {
  background-color: #007ea4;
}

.c0 {
  background-color: #203549;
}

<div
  class="d-flex flex-column min-vh-100"
>
  <div
    class="Header__Div-sc-72bdxd-0"
  >
    <nav
      class="c0 navbar navbar-expand navbar-light"
    >
      <div
        class="container"
      >
        <a
          href="/"
        >
          <img
            alt=""
            height="122"
            src="SMU-LOGO.png"
            width="263"
          />
        </a>
      </div>
    </nav>
    <nav
      class="c1 navbar navbar-expand-md navbar-dark navbar navbar-expand-lg navbar-light"
    >
      <button
        aria-controls="responsive-navbar-nav"
        aria-label="Toggle navigation"
        class="navbar-toggler collapsed"
        type="button"
      >
        <span
          class="navbar-toggler-icon"
        />
      </button>
      <div
        class="navbar-collapse collapse"
        id="responsive-navbar-nav"
      >
        <div
          class="justify-content-center justify-content-md-between container"
        >
          <div
            class="font-weight-light mr-0 text-white"
          >
            My SMU-Library Account
          </div>
        </div>
      </div>
    </nav>
  </div>
  <div
    class="text-left wrapper flex-grow-1 container"
  >
    <div
      class="d-block mt-5 mb-5 font-weight-light"
      style="font-size: 2em;"
    >
      Welcome
       
      <div
        class="spinner-grow"
      />
    </div>
  </div>
  <footer
    class="c2 text-lg-start"
  >
    <div
      class="container"
    >
      <img
        alt=""
        src="FOOTER-LOGO.png"
      />
    </div>
  </footer>
</div>
`;
