// Jest Snapshot v1, https://goo.gl/fbAQLP

exports[`<App /> should render and match the snapshot 1`] = `
<BrowserRouter>
  <Helmet
    defaultTitle="SMU Library"
    defer={true}
    encodeSpecialCharacters={true}
    htmlAttributes={
      Object {
        "lang": undefined,
      }
    }
    titleTemplate="%s - SMU Library"
  >
    <meta
      content="Web Platform for SMU Library"
      name="description"
    />
    <link
      crossOrigin="anonymous"
      href="https://cdn.jsdelivr.net/npm/bootstrap@4.6.0/dist/css/bootstrap.min.css"
      integrity="sha384-B0vP5xmATw1+K9KRQjQERJvTumQW0nPEzvF6L/Z6nronJ3oUOFUFpCjEUQouq2+l"
      rel="stylesheet"
    />
    <link
      href="https://cdn.jsdelivr.net/npm/bootstrap-icons@1.4.1/font/bootstrap-icons.css"
      rel="stylesheet"
    />
  </Helmet>
  <Switch>
    <Route
      component={[Function]}
      exact={true}
      path="/"
    />
    <Route
      component={[Function]}
      exact={true}
      path="/auth"
    />
    <Route
      component={[Function]}
      exact={true}
      path="/login"
    />
    <Route
      component={[Function]}
      exact={true}
      path="/register"
    />
    <Route
      component={[Function]}
      exact={true}
      path="/user"
    />
    <Route
      component={[Function]}
    />
  </Switch>
</BrowserRouter>
`;
